Submitting job for EXP: ogt_part_1_144fps, SAND: OGT, MODEL: model_B
Submitted batch job 22545298
Submitting job for EXP: ogt_part_2_144fps, SAND: OGT, MODEL: model_B
Submitted batch job 22545299
Submitting job for EXP: ogt_part_3_144fps, SAND: OGT, MODEL: model_B
Submitted batch job 22545300
Submitting job for EXP: washington_reclaim_1_144fps, SAND: Washington_State, MODEL: model_B
Submitted batch job 22545301
Submitting job for EXP: washington_reclaim_2_144fps, SAND: Washington_State, MODEL: model_B
Submitted batch job 22545302
Submitting job for EXP: washington_reclaim_3_144fps, SAND: Washington_State, MODEL: model_B
Submitted batch job 22545303
Submitting job for EXP: washington_part_1_144fps, SAND: Washington_State, MODEL: model_B
Submitted batch job 22545304
Submitting job for EXP: washington_part_2_144fps, SAND: Washington_State, MODEL: model_B
Submitted batch job 22545305
Submitting job for EXP: washington_part_3_144fps, SAND: Washington_State, MODEL: model_B
Submitted batch job 22545306
Submitting job for EXP: vaBeach_part_1_144fps, SAND: Virginia_Beach, MODEL: model_B
Submitted batch job 22545307
Submitting job for EXP: vaBeach_part_2_144fps, SAND: Virginia_Beach, MODEL: model_B
Submitted batch job 22545308
Submitting job for EXP: vaBeach_part_3_144fps, SAND: Virginia_Beach, MODEL: model_B
Submitted batch job 22545309
Submitting job for EXP: venice_all_long1_144fps, SAND: Venice_Beach, MODEL: model_B
Submitted batch job 22545310
Submitting job for EXP: venice_all_long2_144fps, SAND: Venice_Beach, MODEL: model_B
Submitted batch job 22545311
Submitting job for EXP: venice_all_long3_144fps, SAND: Venice_Beach, MODEL: model_B
Submitted batch job 22545312
Submitting job for EXP: venice_part_1_144fps, SAND: Venice_Beach, MODEL: model_B
Submitted batch job 22545313
Submitting job for EXP: venice_part_2_144fps, SAND: Venice_Beach, MODEL: model_B
Submitted batch job 22545314
Submitting job for EXP: venice_part_4_144fps, SAND: Venice_Beach, MODEL: model_B
Submitted batch job 22545315
Submitting job for EXP: venice_part_3_144fps, SAND: Venice_Beach, MODEL: model_B
Submitted batch job 22545316
Submitting job for EXP: venice_part_5_144fps, SAND: Venice_Beach, MODEL: model_B
Submitted batch job 22545317
Submitting job for EXP: venice_part_6_144fps, SAND: Venice_Beach, MODEL: model_B
Submitted batch job 22545318
Submitting job for EXP: south_high_reclaim_1_144fps, SAND: South_High, MODEL: model_B
Submitted batch job 22545319
Submitting job for EXP: south_high_reclaim_2_144fps, SAND: South_High, MODEL: model_B
Submitted batch job 22545320
Submitting job for EXP: south_high_reclaim_3_144fps, SAND: South_High, MODEL: model_B
Submitted batch job 22545321
Submitting job for EXP: south_high_part_1_144fps, SAND: South_High, MODEL: model_B
Submitted batch job 22545322
Submitting job for EXP: south_high_part_2_144fps, SAND: South_High, MODEL: model_B
Submitted batch job 22545323
Submitting job for EXP: south_high_pRT_3_144fps, SAND: South_High, MODEL: model_B
Submitted batch job 22545324
