Job ID: 22546060
Job Account: olivine
Hosts: n12
------------
Pixel Ratio: 0.00493177
pred_dir: /projects/SSC-IMAGE-STITCHING/OLIVINE/data/output/PARTICLE/Amodal/oryx/model_B/vaBeach_part_2_144fps/Model_B
save_dir: /projects/SSC-IMAGE-STITCHING/OLIVINE/data/output/PARTICLE/Amodal/oryx/model_B/vaBeach_part_2_144fps/
exp name: 
prediction did not compute: {'image_name': 'frame_2815', 'width': 2448, 'height': 2048, 'bbox': [1556, 567, 1607, 608], 'score': 0.2571942210197449, 'category_id': 0, 'segmentation': []}
Traceback (most recent call last):
  File "/apps/spack/linux-rhel8-zen/gcc-8.5.0/python-3.8.13-6mv2smiulqyxxfxmff3dw5wz564g6lin/lib/python3.8/runpy.py", line 194, in _run_module_as_main
    return _run_code(code, main_globals, None,
  File "/apps/spack/linux-rhel8-zen/gcc-8.5.0/python-3.8.13-6mv2smiulqyxxfxmff3dw5wz564g6lin/lib/python3.8/runpy.py", line 87, in _run_code
    exec(code, run_globals)
  File "/hawes/projects/OLIVINE/ebianchi/2D_DIA_analysis/analyze_scripts/analyze_amodal_grain_capture.py", line 85, in <module>
    main()
  File "/hawes/projects/OLIVINE/ebianchi/2D_DIA_analysis/analyze_scripts/analyze_amodal_grain_capture.py", line 70, in main
    comparison_df = pd.read_csv(gt_csv)
  File "/projects/OLIVINE/environments/SAM-grain/lib/python3.8/site-packages/pandas/io/parsers/readers.py", line 912, in read_csv
    return _read(filepath_or_buffer, kwds)
  File "/projects/OLIVINE/environments/SAM-grain/lib/python3.8/site-packages/pandas/io/parsers/readers.py", line 577, in _read
    parser = TextFileReader(filepath_or_buffer, **kwds)
  File "/projects/OLIVINE/environments/SAM-grain/lib/python3.8/site-packages/pandas/io/parsers/readers.py", line 1407, in __init__
    self._engine = self._make_engine(f, self.engine)
  File "/projects/OLIVINE/environments/SAM-grain/lib/python3.8/site-packages/pandas/io/parsers/readers.py", line 1661, in _make_engine
    self.handles = get_handle(
  File "/projects/OLIVINE/environments/SAM-grain/lib/python3.8/site-packages/pandas/io/common.py", line 859, in get_handle
    handle = open(
FileNotFoundError: [Errno 2] No such file or directory: '/projects/OLIVINE/data/sieve_results//.csv'
Combined JSON file saved to: /projects/SSC-IMAGE-STITCHING/OLIVINE/data/output/PARTICLE/Amodal/oryx/model_B/vaBeach_part_2_144fps//coco_formatted.json
D10.0: 0.269086699459567
D16.0: 0.2941336735552822
D20.0: 0.3078704577128363
D25.0: 0.32452395688370533
D30.0: 0.3401133957421736
D40.0: 0.36971832111879177
D50.0: 0.39944292581522084
D60.0: 0.43008314580637136
D70.0: 0.46667158650467094
D75.0: 0.48814558811528896
D80.0: 0.5110275229470007
D84.0: 0.5329963511022117
D90.0: 0.57701709
