Job ID: 22546230
Job Account: olivine
Hosts: n9
------------
Pixel Ratio: 0.00493177
pred_dir: /projects/SSC-IMAGE-STITCHING/OLIVINE/data/output/PARTICLE/Amodal/oryx/model_B/south_high_part_3_144fps/Model_B
save_dir: /projects/SSC-IMAGE-STITCHING/OLIVINE/data/output/PARTICLE/Amodal/oryx/model_B/south_high_part_3_144fps/
exp name: 
prediction did not compute: {'image_name': 'frame_4442', 'width': 2448, 'height': 2048, 'bbox': [613, 2, 661, 48], 'score': 0.6295760273933411, 'category_id': 0, 'segmentation': []}
Traceback (most recent call last):
  File "/apps/spack/linux-rhel8-zen/gcc-8.5.0/python-3.8.13-6mv2smiulqyxxfxmff3dw5wz564g6lin/lib/python3.8/runpy.py", line 194, in _run_module_as_main
    return _run_code(code, main_globals, None,
  File "/apps/spack/linux-rhel8-zen/gcc-8.5.0/python-3.8.13-6mv2smiulqyxxfxmff3dw5wz564g6lin/lib/python3.8/runpy.py", line 87, in _run_code
    exec(code, run_globals)
  File "/hawes/projects/OLIVINE/ebianchi/2D_DIA_analysis/analyze_scripts/analyze_amodal_grain_capture.py", line 85, in <module>
    main()
  File "/hawes/projects/OLIVINE/ebianchi/2D_DIA_analysis/analyze_scripts/analyze_amodal_grain_capture.py", line 70, in main
    comparison_df = pd.read_csv(gt_csv)
  File "/projects/OLIVINE/environments/SAM-grain/lib/python3.8/site-packages/pandas/io/parsers/readers.py", line 912, in read_csv
    return _read(filepath_or_buffer, kwds)
  File "/projects/OLIVINE/environments/SAM-grain/lib/python3.8/site-packages/pandas/io/parsers/readers.py", line 577, in _read
    parser = TextFileReader(filepath_or_buffer, **kwds)
  File "/projects/OLIVINE/environments/SAM-grain/lib/python3.8/site-packages/pandas/io/parsers/readers.py", line 1407, in __init__
    self._engine = self._make_engine(f, self.engine)
  File "/projects/OLIVINE/environments/SAM-grain/lib/python3.8/site-packages/pandas/io/parsers/readers.py", line 1661, in _make_engine
    self.handles = get_handle(
  File "/projects/OLIVINE/environments/SAM-grain/lib/python3.8/site-packages/pandas/io/common.py", line 859, in get_handle
    handle = open(
FileNotFoundError: [Errno 2] No such file or directory: '/projects/OLIVINE/data/sieve_results//.csv'
Combined JSON file saved to: /projects/SSC-IMAGE-STITCHING/OLIVINE/data/output/PARTICLE/Amodal/oryx/model_B/south_high_part_3_144fps//coco_formatted.json
D10.0: 0.23445366930878692
D16.0: 0.2582006505946081
D20.0: 0.27129218056802784
D25.0: 0.28604266
D30.0: 0.2999878576404885
D40.0: 0.325982162778027
D50.0: 0.3530610019261721
D60.0: 0.38293534741788215
D70.0: 0.41614320848747255
D75.0: 0.43703942205396495
D80.0: 0.4635076748614911
D84.0: 0.4913241055342517
D90.0: 0.5668318215728622
