Submitting job for EXP: ogt_part_1_144fps, SAND: OGT, MODEL: model_B
Submitted batch job 22546064
Submitting job for EXP: ogt_part_2_144fps, SAND: OGT, MODEL: model_B
Submitted batch job 22546065
Submitting job for EXP: ogt_part_3_144fps, SAND: OGT, MODEL: model_B
Submitted batch job 22546066
Submitting job for EXP: washington_reclaim_1_144fps, SAND: Washington_State, MODEL: model_B
Submitted batch job 22546067
Submitting job for EXP: washington_reclaim_2_144fps, SAND: Washington_State, MODEL: model_B
Submitted batch job 22546068
Submitting job for EXP: washington_reclaim_3_144fps, SAND: Washington_State, MODEL: model_B
Submitted batch job 22546069
Submitting job for EXP: washington_part_1_144fps, SAND: Washington_State, MODEL: model_B
Submitted batch job 22546070
Submitting job for EXP: washington_part_2_144fps, SAND: Washington_State, MODEL: model_B
Submitted batch job 22546071
Submitting job for EXP: washington_part_3_144fps, SAND: Washington_State, MODEL: model_B
Submitted batch job 22546072
Submitting job for EXP: vaBeach_part_1_144fps, SAND: Virginia_Beach, MODEL: model_B
Submitted batch job 22546073
Submitting job for EXP: vaBeach_part_2_144fps, SAND: Virginia_Beach, MODEL: model_B
Submitted batch job 22546074
Submitting job for EXP: vaBeach_part_3_144fps, SAND: Virginia_Beach, MODEL: model_B
Submitted batch job 22546075
Submitting job for EXP: venice_all_long1_144fps, SAND: Venice_Beach, MODEL: model_B
Submitted batch job 22546076
Submitting job for EXP: venice_all_long2_144fps, SAND: Venice_Beach, MODEL: model_B
Submitted batch job 22546077
Submitting job for EXP: venice_all_long3_144fps, SAND: Venice_Beach, MODEL: model_B
Submitted batch job 22546078
Submitting job for EXP: venice_part_1_144fps, SAND: Venice_Beach, MODEL: model_B
Submitted batch job 22546079
Submitting job for EXP: venice_part_2_144fps, SAND: Venice_Beach, MODEL: model_B
Submitted batch job 22546080
Submitting job for EXP: venice_part_4_144fps, SAND: Venice_Beach, MODEL: model_B
Submitted batch job 22546081
Submitting job for EXP: venice_part_3_144fps, SAND: Venice_Beach, MODEL: model_B
Submitted batch job 22546082
Submitting job for EXP: venice_part_5_144fps, SAND: Venice_Beach, MODEL: model_B
Submitted batch job 22546083
Submitting job for EXP: venice_part_6_144fps, SAND: Venice_Beach, MODEL: model_B
Submitted batch job 22546084
Submitting job for EXP: south_high_reclaim_1_144fps, SAND: South_High, MODEL: model_B
Submitted batch job 22546085
Submitting job for EXP: south_high_reclaim_2_144fps, SAND: South_High, MODEL: model_B
Submitted batch job 22546086
Submitting job for EXP: south_high_reclaim_3_144fps, SAND: South_High, MODEL: model_B
Submitted batch job 22546087
Submitting job for EXP: south_high_part_1_144fps, SAND: South_High, MODEL: model_B
Submitted batch job 22546088
Submitting job for EXP: south_high_part_2_144fps, SAND: South_High, MODEL: model_B
Submitted batch job 22546089
Submitting job for EXP: south_high_pRT_3_144fps, SAND: South_High, MODEL: model_B
Submitted batch job 22546090
