Submitting job for EXP: ogt_part_1_144fps, SAND: OGT, MODEL: model_B
Submitted batch job 22545893
Submitting job for EXP: ogt_part_2_144fps, SAND: OGT, MODEL: model_B
Submitted batch job 22545894
Submitting job for EXP: ogt_part_3_144fps, SAND: OGT, MODEL: model_B
Submitted batch job 22545895
Submitting job for EXP: washington_reclaim_1_144fps, SAND: Washington_State, MODEL: model_B
Submitted batch job 22545896
Submitting job for EXP: washington_reclaim_2_144fps, SAND: Washington_State, MODEL: model_B
Submitted batch job 22545897
Submitting job for EXP: washington_reclaim_3_144fps, SAND: Washington_State, MODEL: model_B
Submitted batch job 22545898
Submitting job for EXP: washington_part_1_144fps, SAND: Washington_State, MODEL: model_B
Submitted batch job 22545899
Submitting job for EXP: washington_part_2_144fps, SAND: Washington_State, MODEL: model_B
Submitted batch job 22545900
Submitting job for EXP: washington_part_3_144fps, SAND: Washington_State, MODEL: model_B
Submitted batch job 22545901
Submitting job for EXP: vaBeach_part_1_144fps, SAND: Virginia_Beach, MODEL: model_B
Submitted batch job 22545902
Submitting job for EXP: vaBeach_part_2_144fps, SAND: Virginia_Beach, MODEL: model_B
Submitted batch job 22545903
Submitting job for EXP: vaBeach_part_3_144fps, SAND: Virginia_Beach, MODEL: model_B
Submitted batch job 22545904
Submitting job for EXP: venice_all_long1_144fps, SAND: Venice_Beach, MODEL: model_B
Submitted batch job 22545905
Submitting job for EXP: venice_all_long2_144fps, SAND: Venice_Beach, MODEL: model_B
Submitted batch job 22545906
Submitting job for EXP: venice_all_long3_144fps, SAND: Venice_Beach, MODEL: model_B
Submitted batch job 22545907
Submitting job for EXP: venice_part_1_144fps, SAND: Venice_Beach, MODEL: model_B
Submitted batch job 22545908
Submitting job for EXP: venice_part_2_144fps, SAND: Venice_Beach, MODEL: model_B
Submitted batch job 22545909
Submitting job for EXP: venice_part_4_144fps, SAND: Venice_Beach, MODEL: model_B
Submitted batch job 22545910
Submitting job for EXP: venice_part_3_144fps, SAND: Venice_Beach, MODEL: model_B
Submitted batch job 22545911
Submitting job for EXP: venice_part_5_144fps, SAND: Venice_Beach, MODEL: model_B
Submitted batch job 22545912
Submitting job for EXP: venice_part_6_144fps, SAND: Venice_Beach, MODEL: model_B
Submitted batch job 22545913
Submitting job for EXP: south_high_reclaim_1_144fps, SAND: South_High, MODEL: model_B
Submitted batch job 22545914
Submitting job for EXP: south_high_reclaim_2_144fps, SAND: South_High, MODEL: model_B
Submitted batch job 22545915
Submitting job for EXP: south_high_reclaim_3_144fps, SAND: South_High, MODEL: model_B
Submitted batch job 22545916
Submitting job for EXP: south_high_part_1_144fps, SAND: South_High, MODEL: model_B
Submitted batch job 22545917
Submitting job for EXP: south_high_part_2_144fps, SAND: South_High, MODEL: model_B
Submitted batch job 22545918
Submitting job for EXP: south_high_pRT_3_144fps, SAND: South_High, MODEL: model_B
Submitted batch job 22545919
