Submitting job for EXP: ogt_part_1_144fps, SAND: OGT, MODEL: model_B
Submitted batch job 22545992
Submitting job for EXP: ogt_part_2_144fps, SAND: OGT, MODEL: model_B
Submitted batch job 22545994
Submitting job for EXP: ogt_part_3_144fps, SAND: OGT, MODEL: model_B
Submitted batch job 22545996
Submitting job for EXP: washington_reclaim_1_144fps, SAND: Washington_State, MODEL: model_B
Submitted batch job 22545997
Submitting job for EXP: washington_reclaim_2_144fps, SAND: Washington_State, MODEL: model_B
Submitted batch job 22545999
Submitting job for EXP: washington_reclaim_3_144fps, SAND: Washington_State, MODEL: model_B
Submitted batch job 22546003
Submitting job for EXP: washington_part_1_144fps, SAND: Washington_State, MODEL: model_B
Submitted batch job 22546005
Submitting job for EXP: washington_part_2_144fps, SAND: Washington_State, MODEL: model_B
Submitted batch job 22546006
Submitting job for EXP: washington_part_3_144fps, SAND: Washington_State, MODEL: model_B
Submitted batch job 22546007
Submitting job for EXP: vaBeach_part_1_144fps, SAND: Virginia_Beach, MODEL: model_B
Submitted batch job 22546008
Submitting job for EXP: vaBeach_part_2_144fps, SAND: Virginia_Beach, MODEL: model_B
Submitted batch job 22546009
Submitting job for EXP: vaBeach_part_3_144fps, SAND: Virginia_Beach, MODEL: model_B
Submitted batch job 22546010
Submitting job for EXP: venice_all_long1_144fps, SAND: Venice_Beach, MODEL: model_B
Submitted batch job 22546011
Submitting job for EXP: venice_all_long2_144fps, SAND: Venice_Beach, MODEL: model_B
Submitted batch job 22546012
Submitting job for EXP: venice_all_long3_144fps, SAND: Venice_Beach, MODEL: model_B
Submitted batch job 22546013
Submitting job for EXP: venice_part_1_144fps, SAND: Venice_Beach, MODEL: model_B
Submitted batch job 22546014
Submitting job for EXP: venice_part_2_144fps, SAND: Venice_Beach, MODEL: model_B
Submitted batch job 22546015
Submitting job for EXP: venice_part_4_144fps, SAND: Venice_Beach, MODEL: model_B
Submitted batch job 22546016
Submitting job for EXP: venice_part_3_144fps, SAND: Venice_Beach, MODEL: model_B
Submitted batch job 22546017
Submitting job for EXP: venice_part_5_144fps, SAND: Venice_Beach, MODEL: model_B
Submitted batch job 22546018
Submitting job for EXP: venice_part_6_144fps, SAND: Venice_Beach, MODEL: model_B
Submitted batch job 22546019
Submitting job for EXP: south_high_reclaim_1_144fps, SAND: South_High, MODEL: model_B
Submitted batch job 22546020
Submitting job for EXP: south_high_reclaim_2_144fps, SAND: South_High, MODEL: model_B
Submitted batch job 22546021
Submitting job for EXP: south_high_reclaim_3_144fps, SAND: South_High, MODEL: model_B
Submitted batch job 22546022
Submitting job for EXP: south_high_part_1_144fps, SAND: South_High, MODEL: model_B
Submitted batch job 22546023
Submitting job for EXP: south_high_part_2_144fps, SAND: South_High, MODEL: model_B
Submitted batch job 22546024
Submitting job for EXP: south_high_pRT_3_144fps, SAND: South_High, MODEL: model_B
Submitted batch job 22546025
