Submitting job for EXP: ogt_part_1_144fps, SAND: OGT, MODEL: model_B
Submitted batch job 22545864
Submitting job for EXP: ogt_part_2_144fps, SAND: OGT, MODEL: model_B
Submitted batch job 22545865
Submitting job for EXP: ogt_part_3_144fps, SAND: OGT, MODEL: model_B
Submitted batch job 22545866
Submitting job for EXP: washington_reclaim_1_144fps, SAND: Washington_State, MODEL: model_B
Submitted batch job 22545867
Submitting job for EXP: washington_reclaim_2_144fps, SAND: Washington_State, MODEL: model_B
Submitted batch job 22545868
Submitting job for EXP: washington_reclaim_3_144fps, SAND: Washington_State, MODEL: model_B
Submitted batch job 22545869
Submitting job for EXP: washington_part_1_144fps, SAND: Washington_State, MODEL: model_B
Submitted batch job 22545870
Submitting job for EXP: washington_part_2_144fps, SAND: Washington_State, MODEL: model_B
Submitted batch job 22545871
Submitting job for EXP: washington_part_3_144fps, SAND: Washington_State, MODEL: model_B
Submitted batch job 22545872
Submitting job for EXP: vaBeach_part_1_144fps, SAND: Virginia_Beach, MODEL: model_B
Submitted batch job 22545873
Submitting job for EXP: vaBeach_part_2_144fps, SAND: Virginia_Beach, MODEL: model_B
Submitted batch job 22545874
Submitting job for EXP: vaBeach_part_3_144fps, SAND: Virginia_Beach, MODEL: model_B
Submitted batch job 22545875
Submitting job for EXP: venice_all_long1_144fps, SAND: Venice_Beach, MODEL: model_B
Submitted batch job 22545876
Submitting job for EXP: venice_all_long2_144fps, SAND: Venice_Beach, MODEL: model_B
Submitted batch job 22545877
Submitting job for EXP: venice_all_long3_144fps, SAND: Venice_Beach, MODEL: model_B
Submitted batch job 22545878
Submitting job for EXP: venice_part_1_144fps, SAND: Venice_Beach, MODEL: model_B
Submitted batch job 22545879
Submitting job for EXP: venice_part_2_144fps, SAND: Venice_Beach, MODEL: model_B
Submitted batch job 22545880
Submitting job for EXP: venice_part_4_144fps, SAND: Venice_Beach, MODEL: model_B
Submitted batch job 22545881
Submitting job for EXP: venice_part_3_144fps, SAND: Venice_Beach, MODEL: model_B
Submitted batch job 22545882
Submitting job for EXP: venice_part_5_144fps, SAND: Venice_Beach, MODEL: model_B
Submitted batch job 22545883
Submitting job for EXP: venice_part_6_144fps, SAND: Venice_Beach, MODEL: model_B
Submitted batch job 22545884
Submitting job for EXP: south_high_reclaim_1_144fps, SAND: South_High, MODEL: model_B
Submitted batch job 22545885
Submitting job for EXP: south_high_reclaim_2_144fps, SAND: South_High, MODEL: model_B
Submitted batch job 22545886
Submitting job for EXP: south_high_reclaim_3_144fps, SAND: South_High, MODEL: model_B
Submitted batch job 22545887
Submitting job for EXP: south_high_part_1_144fps, SAND: South_High, MODEL: model_B
Submitted batch job 22545888
Submitting job for EXP: south_high_part_2_144fps, SAND: South_High, MODEL: model_B
Submitted batch job 22545889
Submitting job for EXP: south_high_pRT_3_144fps, SAND: South_High, MODEL: model_B
Submitted batch job 22545890
